/home/fj/felis/tid2013/features/i21_19_2.smc 5
/home/fj/felis/tid2013/features/i19_02_2.smc 6
/home/fj/felis/tid2013/features/i14_18_4.smc 4
/home/fj/felis/tid2013/features/i15_10_4.smc 3
/home/fj/felis/tid2013/features/i11_21_1.smc 6
/home/fj/felis/tid2013/features/i25_18_1.smc 6
/home/fj/felis/tid2013/features/i20_07_4.smc 4
/home/fj/felis/tid2013/features/i25_23_5.smc 6
/home/fj/felis/tid2013/features/i01_09_4.smc 3
/home/fj/felis/tid2013/features/i03_18_3.smc 6
/home/fj/felis/tid2013/features/i13_19_1.smc 5
/home/fj/felis/tid2013/features/i18_22_2.smc 4
/home/fj/felis/tid2013/features/i07_22_5.smc 3
/home/fj/felis/tid2013/features/i04_12_5.smc 3
/home/fj/felis/tid2013/features/i07_19_5.smc 4
/home/fj/felis/tid2013/features/i14_09_2.smc 6
/home/fj/felis/tid2013/features/i10_21_3.smc 4
/home/fj/felis/tid2013/features/i08_21_3.smc 4
/home/fj/felis/tid2013/features/i20_03_2.smc 4
/home/fj/felis/tid2013/features/i16_14_1.smc 6
/home/fj/felis/tid2013/features/i02_24_2.smc 5
/home/fj/felis/tid2013/features/i25_18_3.smc 4
/home/fj/felis/tid2013/features/i17_21_3.smc 4
/home/fj/felis/tid2013/features/i17_04_4.smc 5
/home/fj/felis/tid2013/features/i16_17_4.smc 7
/home/fj/felis/tid2013/features/i23_16_3.smc 6
/home/fj/felis/tid2013/features/i23_04_3.smc 5
/home/fj/felis/tid2013/features/i01_01_3.smc 5
/home/fj/felis/tid2013/features/i20_12_5.smc 3
/home/fj/felis/tid2013/features/i13_18_4.smc 3
/home/fj/felis/tid2013/features/i20_01_5.smc 4
/home/fj/felis/tid2013/features/i18_20_5.smc 3
/home/fj/felis/tid2013/features/i11_16_4.smc 5
/home/fj/felis/tid2013/features/i25_22_4.smc 3
/home/fj/felis/tid2013/features/i21_22_2.smc 5
/home/fj/felis/tid2013/features/i01_07_2.smc 5
/home/fj/felis/tid2013/features/i21_23_2.smc 6
/home/fj/felis/tid2013/features/i12_14_2.smc 6
/home/fj/felis/tid2013/features/i11_21_5.smc 3
/home/fj/felis/tid2013/features/i13_13_4.smc 4
/home/fj/felis/tid2013/features/i08_19_2.smc 5
/home/fj/felis/tid2013/features/i09_14_2.smc 5
/home/fj/felis/tid2013/features/i12_07_2.smc 4
/home/fj/felis/tid2013/features/i05_18_4.smc 4
/home/fj/felis/tid2013/features/i01_18_3.smc 4
/home/fj/felis/tid2013/features/i17_17_3.smc 4
/home/fj/felis/tid2013/features/i09_20_3.smc 5
/home/fj/felis/tid2013/features/i06_02_2.smc 6
/home/fj/felis/tid2013/features/i16_22_1.smc 6
/home/fj/felis/tid2013/features/i14_03_3.smc 4
/home/fj/felis/tid2013/features/i14_18_1.smc 5
/home/fj/felis/tid2013/features/i09_04_1.smc 6
/home/fj/felis/tid2013/features/i04_07_5.smc 3
/home/fj/felis/tid2013/features/i07_03_1.smc 5
/home/fj/felis/tid2013/features/i11_16_4.smc 5
/home/fj/felis/tid2013/features/i08_02_3.smc 5
/home/fj/felis/tid2013/features/i18_16_2.smc 6
/home/fj/felis/tid2013/features/i08_14_5.smc 4
/home/fj/felis/tid2013/features/i07_19_1.smc 6
/home/fj/felis/tid2013/features/i22_06_5.smc 3
/home/fj/felis/tid2013/features/i14_21_2.smc 5
/home/fj/felis/tid2013/features/i04_02_2.smc 6
/home/fj/felis/tid2013/features/i11_16_5.smc 5
/home/fj/felis/tid2013/features/i11_13_5.smc 2
/home/fj/felis/tid2013/features/i03_09_4.smc 4
/home/fj/felis/tid2013/features/i19_07_4.smc 3
/home/fj/felis/tid2013/features/i03_08_2.smc 6
/home/fj/felis/tid2013/features/i05_18_2.smc 4
/home/fj/felis/tid2013/features/i22_18_5.smc 3
/home/fj/felis/tid2013/features/i20_11_3.smc 3
/home/fj/felis/tid2013/features/i16_11_2.smc 5
/home/fj/felis/tid2013/features/i24_13_5.smc 3
/home/fj/felis/tid2013/features/i24_22_1.smc 6
/home/fj/felis/tid2013/features/i06_16_4.smc 6
/home/fj/felis/tid2013/features/i09_21_5.smc 2
/home/fj/felis/tid2013/features/i13_21_5.smc 3
/home/fj/felis/tid2013/features/i19_23_2.smc 6
/home/fj/felis/tid2013/features/i09_12_1.smc 6
/home/fj/felis/tid2013/features/i20_09_3.smc 5
/home/fj/felis/tid2013/features/i24_04_3.smc 6
/home/fj/felis/tid2013/features/i17_05_3.smc 5
/home/fj/felis/tid2013/features/i08_13_2.smc 3
/home/fj/felis/tid2013/features/i17_04_5.smc 5
/home/fj/felis/tid2013/features/i19_24_2.smc 5
/home/fj/felis/tid2013/features/i09_08_4.smc 3
/home/fj/felis/tid2013/features/i05_23_5.smc 5
/home/fj/felis/tid2013/features/i04_23_3.smc 4
/home/fj/felis/tid2013/features/i24_03_1.smc 5
/home/fj/felis/tid2013/features/i18_15_3.smc 3
/home/fj/felis/tid2013/features/i08_05_5.smc 3
/home/fj/felis/tid2013/features/i11_04_5.smc 5
/home/fj/felis/tid2013/features/i25_18_5.smc 3
/home/fj/felis/tid2013/features/i06_12_1.smc 6
/home/fj/felis/tid2013/features/i07_17_5.smc 3
/home/fj/felis/tid2013/features/i23_15_3.smc 3
/home/fj/felis/tid2013/features/i24_16_4.smc 6
/home/fj/felis/tid2013/features/i24_19_4.smc 4
/home/fj/felis/tid2013/features/i17_11_4.smc 3
/home/fj/felis/tid2013/features/i10_05_1.smc 6
/home/fj/felis/tid2013/features/I05_01_1.smc 6
/home/fj/felis/tid2013/features/i24_06_1.smc 5
/home/fj/felis/tid2013/features/i01_13_5.smc 3
/home/fj/felis/tid2013/features/i18_02_3.smc 6
/home/fj/felis/tid2013/features/i07_04_5.smc 4
/home/fj/felis/tid2013/features/i01_05_1.smc 6
/home/fj/felis/tid2013/features/i17_23_1.smc 6
/home/fj/felis/tid2013/features/i08_18_4.smc 3
/home/fj/felis/tid2013/features/i12_04_5.smc 4
/home/fj/felis/tid2013/features/i20_13_4.smc 3
/home/fj/felis/tid2013/features/i08_02_5.smc 5
/home/fj/felis/tid2013/features/I03_11_1.smc 5
/home/fj/felis/tid2013/features/I19_13_1.smc 5
/home/fj/felis/tid2013/features/i16_17_1.smc 6
/home/fj/felis/tid2013/features/i24_02_2.smc 6
/home/fj/felis/tid2013/features/i05_13_4.smc 3
/home/fj/felis/tid2013/features/i14_17_1.smc 5
/home/fj/felis/tid2013/features/i25_20_4.smc 5
/home/fj/felis/tid2013/features/i01_05_1.smc 6
/home/fj/felis/tid2013/features/i14_22_3.smc 5
/home/fj/felis/tid2013/features/i18_21_2.smc 5
/home/fj/felis/tid2013/features/i13_22_2.smc 5
/home/fj/felis/tid2013/features/i20_18_4.smc 4
/home/fj/felis/tid2013/features/i24_22_5.smc 3
/home/fj/felis/tid2013/features/i23_23_5.smc 3
/home/fj/felis/tid2013/features/i01_18_4.smc 3
/home/fj/felis/tid2013/features/i03_12_1.smc 5
/home/fj/felis/tid2013/features/i19_07_5.smc 3
/home/fj/felis/tid2013/features/i12_15_5.smc 5
/home/fj/felis/tid2013/features/i07_11_3.smc 3
/home/fj/felis/tid2013/features/i06_22_2.smc 5
/home/fj/felis/tid2013/features/i22_07_1.smc 6
/home/fj/felis/tid2013/features/i19_17_4.smc 6
/home/fj/felis/tid2013/features/i08_15_2.smc 3
/home/fj/felis/tid2013/features/i03_16_4.smc 6
/home/fj/felis/tid2013/features/i08_05_2.smc 5
/home/fj/felis/tid2013/features/i17_15_5.smc 4
/home/fj/felis/tid2013/features/i05_08_5.smc 1
/home/fj/felis/tid2013/features/i02_21_1.smc 6
/home/fj/felis/tid2013/features/i04_04_1.smc 6
/home/fj/felis/tid2013/features/i12_13_3.smc 3
/home/fj/felis/tid2013/features/i10_07_3.smc 4
/home/fj/felis/tid2013/features/i06_14_3.smc 5
/home/fj/felis/tid2013/features/i16_10_3.smc 5
/home/fj/felis/tid2013/features/i24_01_2.smc 5
/home/fj/felis/tid2013/features/i25_15_2.smc 3
/home/fj/felis/tid2013/features/i10_21_2.smc 5
/home/fj/felis/tid2013/features/i13_02_3.smc 6
/home/fj/felis/tid2013/features/i08_14_2.smc 5
/home/fj/felis/tid2013/features/i01_17_2.smc 7
/home/fj/felis/tid2013/features/i20_17_2.smc 6
/home/fj/felis/tid2013/features/i06_17_3.smc 4
/home/fj/felis/tid2013/features/i13_22_3.smc 4
/home/fj/felis/tid2013/features/i08_07_3.smc 4
/home/fj/felis/tid2013/features/i14_07_3.smc 4
/home/fj/felis/tid2013/features/i16_11_2.smc 5
/home/fj/felis/tid2013/features/i13_08_1.smc 5
/home/fj/felis/tid2013/features/i20_10_4.smc 4
/home/fj/felis/tid2013/features/i20_15_2.smc 3
/home/fj/felis/tid2013/features/i15_22_5.smc 4
/home/fj/felis/tid2013/features/i16_24_3.smc 3
/home/fj/felis/tid2013/features/i25_18_4.smc 4
/home/fj/felis/tid2013/features/i15_06_2.smc 4
/home/fj/felis/tid2013/features/i09_19_3.smc 5
/home/fj/felis/tid2013/features/i09_12_5.smc 3
/home/fj/felis/tid2013/features/i03_23_4.smc 3
/home/fj/felis/tid2013/features/i03_08_3.smc 4
/home/fj/felis/tid2013/features/i03_06_3.smc 4
/home/fj/felis/tid2013/features/i24_23_2.smc 6
/home/fj/felis/tid2013/features/i19_18_5.smc 4
/home/fj/felis/tid2013/features/i21_24_4.smc 3
/home/fj/felis/tid2013/features/i20_06_4.smc 3
/home/fj/felis/tid2013/features/i09_18_5.smc 3
/home/fj/felis/tid2013/features/i02_23_5.smc 1
/home/fj/felis/tid2013/features/i02_11_5.smc 1
/home/fj/felis/tid2013/features/i16_14_1.smc 6
/home/fj/felis/tid2013/features/i15_03_1.smc 4
/home/fj/felis/tid2013/features/i25_16_1.smc 6
/home/fj/felis/tid2013/features/i24_19_1.smc 6
/home/fj/felis/tid2013/features/i11_13_3.smc 3
/home/fj/felis/tid2013/features/i23_18_2.smc 6
/home/fj/felis/tid2013/features/i07_04_4.smc 5
/home/fj/felis/tid2013/features/i08_14_1.smc 6
/home/fj/felis/tid2013/features/i08_02_4.smc 5
/home/fj/felis/tid2013/features/i04_07_5.smc 3
/home/fj/felis/tid2013/features/i06_02_4.smc 5
/home/fj/felis/tid2013/features/i08_11_4.smc 4
/home/fj/felis/tid2013/features/i02_01_2.smc 5
/home/fj/felis/tid2013/features/i11_16_1.smc 6
/home/fj/felis/tid2013/features/i06_05_5.smc 3
/home/fj/felis/tid2013/features/i18_13_4.smc 3
/home/fj/felis/tid2013/features/i09_19_1.smc 6
/home/fj/felis/tid2013/features/i14_22_4.smc 4
/home/fj/felis/tid2013/features/i07_18_1.smc 5
/home/fj/felis/tid2013/features/i19_07_4.smc 3
/home/fj/felis/tid2013/features/i09_19_2.smc 5
/home/fj/felis/tid2013/features/i10_24_4.smc 2
/home/fj/felis/tid2013/features/i18_22_2.smc 4
/home/fj/felis/tid2013/features/i21_03_2.smc 4
/home/fj/felis/tid2013/features/i25_14_3.smc 5
/home/fj/felis/tid2013/features/i23_18_4.smc 5
/home/fj/felis/tid2013/features/i03_12_3.smc 3
/home/fj/felis/tid2013/features/i01_05_4.smc 4
/home/fj/felis/tid2013/features/i21_02_1.smc 6
/home/fj/felis/tid2013/features/i01_19_1.smc 6
/home/fj/felis/tid2013/features/i15_10_5.smc 2
/home/fj/felis/tid2013/features/i20_20_5.smc 3
/home/fj/felis/tid2013/features/i05_16_5.smc 4
/home/fj/felis/tid2013/features/I17_13_1.smc 5
/home/fj/felis/tid2013/features/i05_23_4.smc 6
/home/fj/felis/tid2013/features/i02_19_3.smc 5
/home/fj/felis/tid2013/features/i03_24_3.smc 3
/home/fj/felis/tid2013/features/i11_11_3.smc 4
/home/fj/felis/tid2013/features/i08_08_5.smc 2
/home/fj/felis/tid2013/features/i02_07_2.smc 6
/home/fj/felis/tid2013/features/i22_10_1.smc 6
/home/fj/felis/tid2013/features/i24_20_1.smc 6
/home/fj/felis/tid2013/features/i15_12_5.smc 3
/home/fj/felis/tid2013/features/i09_02_2.smc 6
/home/fj/felis/tid2013/features/i12_22_5.smc 3
/home/fj/felis/tid2013/features/i14_18_4.smc 4
/home/fj/felis/tid2013/features/i08_08_1.smc 5
/home/fj/felis/tid2013/features/i08_10_2.smc 6
/home/fj/felis/tid2013/features/i24_24_2.smc 5
/home/fj/felis/tid2013/features/i24_24_3.smc 4
/home/fj/felis/tid2013/features/i15_18_3.smc 4
/home/fj/felis/tid2013/features/i12_23_3.smc 5
/home/fj/felis/tid2013/features/i03_21_5.smc 2
/home/fj/felis/tid2013/features/i06_08_1.smc 5
/home/fj/felis/tid2013/features/i25_19_4.smc 4
/home/fj/felis/tid2013/features/i20_21_2.smc 5
/home/fj/felis/tid2013/features/i10_06_2.smc 5
/home/fj/felis/tid2013/features/i23_06_1.smc 5
/home/fj/felis/tid2013/features/i02_11_5.smc 1
/home/fj/felis/tid2013/features/i04_21_1.smc 5
/home/fj/felis/tid2013/features/i24_10_4.smc 3
/home/fj/felis/tid2013/features/i06_19_4.smc 4
/home/fj/felis/tid2013/features/i05_24_3.smc 5
/home/fj/felis/tid2013/features/i24_01_4.smc 4
/home/fj/felis/tid2013/features/i10_20_5.smc 3
/home/fj/felis/tid2013/features/i25_11_4.smc 5
/home/fj/felis/tid2013/features/I09_13_1.smc 5
/home/fj/felis/tid2013/features/i09_09_3.smc 5
/home/fj/felis/tid2013/features/i03_03_4.smc 3
/home/fj/felis/tid2013/features/i06_22_5.smc 3
/home/fj/felis/tid2013/features/i06_22_2.smc 5
/home/fj/felis/tid2013/features/i08_19_4.smc 4
/home/fj/felis/tid2013/features/i17_21_1.smc 5
/home/fj/felis/tid2013/features/i23_21_5.smc 2
/home/fj/felis/tid2013/features/i18_24_1.smc 6
/home/fj/felis/tid2013/features/i07_16_2.smc 6
/home/fj/felis/tid2013/features/i24_13_5.smc 3
/home/fj/felis/tid2013/features/i21_04_2.smc 6
/home/fj/felis/tid2013/features/i19_17_3.smc 4
/home/fj/felis/tid2013/features/i07_19_5.smc 4
/home/fj/felis/tid2013/features/i02_14_1.smc 6
/home/fj/felis/tid2013/features/i01_18_3.smc 4
/home/fj/felis/tid2013/features/i12_19_4.smc 5
/home/fj/felis/tid2013/features/i11_05_4.smc 4
/home/fj/felis/tid2013/features/i04_15_1.smc 3
/home/fj/felis/tid2013/features/i24_04_5.smc 5
/home/fj/felis/tid2013/features/i15_12_4.smc 3
/home/fj/felis/tid2013/features/i25_06_4.smc 3
/home/fj/felis/tid2013/features/i01_09_4.smc 3
/home/fj/felis/tid2013/features/i05_13_3.smc 3
/home/fj/felis/tid2013/features/i09_20_4.smc 4
/home/fj/felis/tid2013/features/i20_17_4.smc 6
/home/fj/felis/tid2013/features/i04_10_4.smc 3
/home/fj/felis/tid2013/features/i01_16_1.smc 6
/home/fj/felis/tid2013/features/i16_02_3.smc 6
/home/fj/felis/tid2013/features/i15_21_1.smc 5
/home/fj/felis/tid2013/features/i05_02_1.smc 6
/home/fj/felis/tid2013/features/i01_03_4.smc 3
/home/fj/felis/tid2013/features/i23_24_2.smc 5
/home/fj/felis/tid2013/features/i11_18_2.smc 4
/home/fj/felis/tid2013/features/i11_03_2.smc 4
/home/fj/felis/tid2013/features/i20_24_1.smc 6
/home/fj/felis/tid2013/features/i05_12_5.smc 3
/home/fj/felis/tid2013/features/i17_05_2.smc 6
/home/fj/felis/tid2013/features/i20_17_5.smc 4
/home/fj/felis/tid2013/features/i25_01_3.smc 4
/home/fj/felis/tid2013/features/i18_14_5.smc 3
/home/fj/felis/tid2013/features/i14_09_5.smc 2
/home/fj/felis/tid2013/features/i06_03_3.smc 3
/home/fj/felis/tid2013/features/i05_18_1.smc 5
/home/fj/felis/tid2013/features/i15_15_1.smc 4
/home/fj/felis/tid2013/features/i15_07_2.smc 4
/home/fj/felis/tid2013/features/i07_13_2.smc 4
/home/fj/felis/tid2013/features/I25_11_1.smc 6
/home/fj/felis/tid2013/features/i17_16_3.smc 6
/home/fj/felis/tid2013/features/i05_16_3.smc 6
/home/fj/felis/tid2013/features/i05_13_3.smc 3
/home/fj/felis/tid2013/features/i20_10_4.smc 4
/home/fj/felis/tid2013/features/i24_10_5.smc 2
/home/fj/felis/tid2013/features/i18_23_4.smc 6
/home/fj/felis/tid2013/features/i09_23_3.smc 6
/home/fj/felis/tid2013/features/i22_08_3.smc 4
/home/fj/felis/tid2013/features/i13_17_3.smc 4
/home/fj/felis/tid2013/features/i15_21_2.smc 5
/home/fj/felis/tid2013/features/i12_20_1.smc 6
/home/fj/felis/tid2013/features/i17_09_1.smc 6
/home/fj/felis/tid2013/features/i10_13_3.smc 3
/home/fj/felis/tid2013/features/i01_19_1.smc 6
/home/fj/felis/tid2013/features/i03_17_2.smc 7
/home/fj/felis/tid2013/features/i05_21_3.smc 4
/home/fj/felis/tid2013/features/i21_15_1.smc 3
/home/fj/felis/tid2013/features/i17_16_3.smc 6
/home/fj/felis/tid2013/features/i12_02_3.smc 6
/home/fj/felis/tid2013/features/i05_22_5.smc 3
/home/fj/felis/tid2013/features/i05_04_4.smc 5
/home/fj/felis/tid2013/features/i02_10_4.smc 4
/home/fj/felis/tid2013/features/i09_09_5.smc 3
/home/fj/felis/tid2013/features/i07_18_5.smc 4
/home/fj/felis/tid2013/features/i11_11_3.smc 4
/home/fj/felis/tid2013/features/i19_22_1.smc 6
/home/fj/felis/tid2013/features/i06_15_3.smc 4
/home/fj/felis/tid2013/features/i18_18_1.smc 5
/home/fj/felis/tid2013/features/i25_21_1.smc 5
/home/fj/felis/tid2013/features/i07_14_5.smc 4
/home/fj/felis/tid2013/features/i18_15_3.smc 3
/home/fj/felis/tid2013/features/i08_05_2.smc 5
/home/fj/felis/tid2013/features/i08_16_5.smc 5
/home/fj/felis/tid2013/features/i14_12_5.smc 3
/home/fj/felis/tid2013/features/i12_07_1.smc 5
/home/fj/felis/tid2013/features/i08_11_3.smc 5
/home/fj/felis/tid2013/features/i11_23_4.smc 5
/home/fj/felis/tid2013/features/i08_09_3.smc 5
/home/fj/felis/tid2013/features/i07_24_4.smc 2
/home/fj/felis/tid2013/features/i25_16_1.smc 6
/home/fj/felis/tid2013/features/i02_02_1.smc 6
/home/fj/felis/tid2013/features/i15_12_5.smc 3
/home/fj/felis/tid2013/features/i07_21_4.smc 3
/home/fj/felis/tid2013/features/i24_10_1.smc 6
/home/fj/felis/tid2013/features/i09_12_4.smc 3
/home/fj/felis/tid2013/features/i20_20_1.smc 6
/home/fj/felis/tid2013/features/i23_22_1.smc 6
/home/fj/felis/tid2013/features/i11_04_2.smc 6
/home/fj/felis/tid2013/features/i13_17_2.smc 7
/home/fj/felis/tid2013/features/i02_18_1.smc 6
/home/fj/felis/tid2013/features/i05_24_3.smc 5
/home/fj/felis/tid2013/features/i10_24_4.smc 2
/home/fj/felis/tid2013/features/i06_02_5.smc 4
/home/fj/felis/tid2013/features/i13_03_5.smc 3
/home/fj/felis/tid2013/features/i24_04_5.smc 5
/home/fj/felis/tid2013/features/I14_01_1.smc 6
/home/fj/felis/tid2013/features/i03_19_3.smc 5
/home/fj/felis/tid2013/features/i16_05_5.smc 3
/home/fj/felis/tid2013/features/i09_13_3.smc 3
/home/fj/felis/tid2013/features/i07_02_3.smc 6
/home/fj/felis/tid2013/features/i09_11_5.smc 1
/home/fj/felis/tid2013/features/i03_10_2.smc 6
/home/fj/felis/tid2013/features/i18_18_1.smc 5
/home/fj/felis/tid2013/features/i11_18_2.smc 4
/home/fj/felis/tid2013/features/i15_19_5.smc 4
/home/fj/felis/tid2013/features/i11_04_3.smc 5
/home/fj/felis/tid2013/features/i19_10_5.smc 2
/home/fj/felis/tid2013/features/i16_10_3.smc 5
/home/fj/felis/tid2013/features/i25_15_2.smc 3
/home/fj/felis/tid2013/features/i12_15_4.smc 4
/home/fj/felis/tid2013/features/i10_14_5.smc 4
/home/fj/felis/tid2013/features/i24_13_3.smc 3
/home/fj/felis/tid2013/features/i12_15_3.smc 4
/home/fj/felis/tid2013/features/i21_15_3.smc 4
/home/fj/felis/tid2013/features/i05_10_3.smc 5
/home/fj/felis/tid2013/features/i01_23_2.smc 6
/home/fj/felis/tid2013/features/i12_03_1.smc 5
/home/fj/felis/tid2013/features/i05_02_2.smc 6
/home/fj/felis/tid2013/features/i20_22_1.smc 6
/home/fj/felis/tid2013/features/i01_05_2.smc 6
/home/fj/felis/tid2013/features/i11_13_5.smc 2
/home/fj/felis/tid2013/features/i18_04_2.smc 6
/home/fj/felis/tid2013/features/i13_19_2.smc 5
/home/fj/felis/tid2013/features/i04_10_5.smc 2
/home/fj/felis/tid2013/features/i08_07_2.smc 5
/home/fj/felis/tid2013/features/i25_23_1.smc 6
/home/fj/felis/tid2013/features/i09_14_3.smc 6
/home/fj/felis/tid2013/features/i25_14_1.smc 6
/home/fj/felis/tid2013/features/i16_20_5.smc 4
/home/fj/felis/tid2013/features/i13_03_5.smc 3
/home/fj/felis/tid2013/features/i06_14_4.smc 4
/home/fj/felis/tid2013/features/i05_01_2.smc 6
/home/fj/felis/tid2013/features/i06_21_5.smc 3
/home/fj/felis/tid2013/features/i01_15_2.smc 3
/home/fj/felis/tid2013/features/i02_07_2.smc 6
/home/fj/felis/tid2013/features/i06_17_3.smc 4
/home/fj/felis/tid2013/features/i15_07_4.smc 3
/home/fj/felis/tid2013/features/i21_19_3.smc 4
/home/fj/felis/tid2013/features/i01_03_3.smc 4
/home/fj/felis/tid2013/features/i14_22_3.smc 5
/home/fj/felis/tid2013/features/i02_01_4.smc 4
/home/fj/felis/tid2013/features/i03_17_2.smc 7
/home/fj/felis/tid2013/features/i16_06_5.smc 4
/home/fj/felis/tid2013/features/i10_08_3.smc 4
/home/fj/felis/tid2013/features/i09_16_1.smc 6
/home/fj/felis/tid2013/features/i16_16_4.smc 6
/home/fj/felis/tid2013/features/i13_14_1.smc 6
/home/fj/felis/tid2013/features/I04_11_1.smc 5
/home/fj/felis/tid2013/features/i13_02_5.smc 5
/home/fj/felis/tid2013/features/i06_10_5.smc 2
/home/fj/felis/tid2013/features/i04_10_4.smc 3
/home/fj/felis/tid2013/features/i14_15_4.smc 4
/home/fj/felis/tid2013/features/i15_01_5.smc 4
/home/fj/felis/tid2013/features/i25_16_4.smc 6
/home/fj/felis/tid2013/features/i14_01_3.smc 5
/home/fj/felis/tid2013/features/i06_16_4.smc 6
/home/fj/felis/tid2013/features/i07_19_4.smc 4
/home/fj/felis/tid2013/features/i21_24_3.smc 5
/home/fj/felis/tid2013/features/i11_10_1.smc 6
/home/fj/felis/tid2013/features/i21_09_1.smc 6
/home/fj/felis/tid2013/features/i22_04_4.smc 5
/home/fj/felis/tid2013/features/i22_13_2.smc 4
/home/fj/felis/tid2013/features/i02_20_1.smc 6
/home/fj/felis/tid2013/features/i06_11_2.smc 5
/home/fj/felis/tid2013/features/i19_09_5.smc 2
/home/fj/felis/tid2013/features/i10_20_3.smc 4
/home/fj/felis/tid2013/features/i24_20_2.smc 6
/home/fj/felis/tid2013/features/i16_20_3.smc 5
/home/fj/felis/tid2013/features/i16_16_3.smc 6
/home/fj/felis/tid2013/features/i08_13_4.smc 3
/home/fj/felis/tid2013/features/i13_22_2.smc 5
/home/fj/felis/tid2013/features/i14_14_5.smc 3
/home/fj/felis/tid2013/features/i19_21_3.smc 4
/home/fj/felis/tid2013/features/i10_03_4.smc 3
/home/fj/felis/tid2013/features/i19_16_1.smc 6
/home/fj/felis/tid2013/features/i10_22_4.smc 4
/home/fj/felis/tid2013/features/i02_17_5.smc 4
/home/fj/felis/tid2013/features/i10_16_5.smc 5
/home/fj/felis/tid2013/features/i01_13_5.smc 3
/home/fj/felis/tid2013/features/i04_03_5.smc 3
/home/fj/felis/tid2013/features/i07_02_1.smc 6
/home/fj/felis/tid2013/features/i14_15_5.smc 4
/home/fj/felis/tid2013/features/i23_23_4.smc 4
/home/fj/felis/tid2013/features/i09_10_1.smc 6
/home/fj/felis/tid2013/features/i22_11_3.smc 4
/home/fj/felis/tid2013/features/i11_21_5.smc 3
/home/fj/felis/tid2013/features/i15_10_3.smc 5
/home/fj/felis/tid2013/features/i19_17_4.smc 6
/home/fj/felis/tid2013/features/I14_01_1.smc 6
/home/fj/felis/tid2013/features/i20_15_1.smc 3
/home/fj/felis/tid2013/features/i13_14_4.smc 5
/home/fj/felis/tid2013/features/i25_19_3.smc 4
/home/fj/felis/tid2013/features/i02_06_4.smc 3
/home/fj/felis/tid2013/features/i25_10_3.smc 4
/home/fj/felis/tid2013/features/i24_24_5.smc 0
/home/fj/felis/tid2013/features/i21_08_3.smc 4
/home/fj/felis/tid2013/features/i25_12_2.smc 6
/home/fj/felis/tid2013/features/i01_08_4.smc 3
/home/fj/felis/tid2013/features/i13_21_5.smc 3
/home/fj/felis/tid2013/features/i10_22_3.smc 4
/home/fj/felis/tid2013/features/i12_06_2.smc 5
/home/fj/felis/tid2013/features/i01_15_2.smc 3
/home/fj/felis/tid2013/features/i22_19_5.smc 4
/home/fj/felis/tid2013/features/i12_10_5.smc 2
/home/fj/felis/tid2013/features/i08_24_3.smc 5
/home/fj/felis/tid2013/features/i23_19_5.smc 3
/home/fj/felis/tid2013/features/i08_15_1.smc 4
/home/fj/felis/tid2013/features/i02_19_5.smc 4
/home/fj/felis/tid2013/features/i03_24_2.smc 4
/home/fj/felis/tid2013/features/i05_09_1.smc 6
/home/fj/felis/tid2013/features/i16_09_4.smc 3
/home/fj/felis/tid2013/features/i13_06_2.smc 4
/home/fj/felis/tid2013/features/i23_17_5.smc 4
/home/fj/felis/tid2013/features/i08_09_4.smc 4
/home/fj/felis/tid2013/features/i23_12_3.smc 4
/home/fj/felis/tid2013/features/i19_24_1.smc 5
/home/fj/felis/tid2013/features/i04_02_4.smc 5
/home/fj/felis/tid2013/features/i09_17_5.smc 4
/home/fj/felis/tid2013/features/i21_10_4.smc 3
/home/fj/felis/tid2013/features/i07_21_2.smc 5
/home/fj/felis/tid2013/features/i08_04_2.smc 6
/home/fj/felis/tid2013/features/i04_12_5.smc 3
/home/fj/felis/tid2013/features/i20_24_4.smc 2
/home/fj/felis/tid2013/features/i14_01_2.smc 6
/home/fj/felis/tid2013/features/i18_04_2.smc 6
/home/fj/felis/tid2013/features/i20_15_1.smc 3
/home/fj/felis/tid2013/features/i03_12_1.smc 5
/home/fj/felis/tid2013/features/i05_16_2.smc 6
/home/fj/felis/tid2013/features/i14_21_4.smc 4
/home/fj/felis/tid2013/features/i01_06_2.smc 4
/home/fj/felis/tid2013/features/i24_04_2.smc 6
/home/fj/felis/tid2013/features/i09_23_5.smc 3
/home/fj/felis/tid2013/features/i23_17_5.smc 4
/home/fj/felis/tid2013/features/i01_15_5.smc 4
/home/fj/felis/tid2013/features/i12_23_2.smc 6
/home/fj/felis/tid2013/features/i22_11_3.smc 4
/home/fj/felis/tid2013/features/i06_05_3.smc 5
/home/fj/felis/tid2013/features/i14_09_2.smc 6
/home/fj/felis/tid2013/features/i18_06_2.smc 4
/home/fj/felis/tid2013/features/i25_16_4.smc 6
/home/fj/felis/tid2013/features/i24_22_5.smc 3
/home/fj/felis/tid2013/features/i08_08_5.smc 2
/home/fj/felis/tid2013/features/i20_16_4.smc 5
/home/fj/felis/tid2013/features/I01_11_1.smc 6
/home/fj/felis/tid2013/features/i25_21_3.smc 5
/home/fj/felis/tid2013/features/i02_03_2.smc 4
/home/fj/felis/tid2013/features/I12_13_1.smc 5
/home/fj/felis/tid2013/features/i15_22_4.smc 4
/home/fj/felis/tid2013/features/i05_24_2.smc 6
/home/fj/felis/tid2013/features/i13_04_5.smc 5
/home/fj/felis/tid2013/features/i07_12_5.smc 3
/home/fj/felis/tid2013/features/i16_07_2.smc 5
/home/fj/felis/tid2013/features/i17_20_4.smc 4
/home/fj/felis/tid2013/features/i22_17_1.smc 5
/home/fj/felis/tid2013/features/i23_05_2.smc 6
/home/fj/felis/tid2013/features/i24_14_5.smc 5
/home/fj/felis/tid2013/features/i25_17_2.smc 7
/home/fj/felis/tid2013/features/i08_01_3.smc 5
/home/fj/felis/tid2013/features/i18_08_4.smc 3
/home/fj/felis/tid2013/features/i16_23_2.smc 5
/home/fj/felis/tid2013/features/i16_10_4.smc 4
/home/fj/felis/tid2013/features/i07_01_2.smc 5
/home/fj/felis/tid2013/features/i10_03_4.smc 3
/home/fj/felis/tid2013/features/i22_10_5.smc 2
/home/fj/felis/tid2013/features/i25_08_4.smc 3
/home/fj/felis/tid2013/features/i25_02_1.smc 6
/home/fj/felis/tid2013/features/i15_02_5.smc 5
/home/fj/felis/tid2013/features/i25_11_5.smc 5
/home/fj/felis/tid2013/features/i21_22_1.smc 5
/home/fj/felis/tid2013/features/i19_08_3.smc 4
/home/fj/felis/tid2013/features/i21_04_1.smc 6
/home/fj/felis/tid2013/features/i12_03_5.smc 3
/home/fj/felis/tid2013/features/i19_01_4.smc 4
/home/fj/felis/tid2013/features/i07_02_5.smc 5
/home/fj/felis/tid2013/features/i14_09_3.smc 5
/home/fj/felis/tid2013/features/i05_01_2.smc 6
/home/fj/felis/tid2013/features/i22_19_5.smc 4
/home/fj/felis/tid2013/features/i02_11_2.smc 5
/home/fj/felis/tid2013/features/i10_23_5.smc 1
/home/fj/felis/tid2013/features/i23_12_3.smc 4
/home/fj/felis/tid2013/features/i07_19_3.smc 5
/home/fj/felis/tid2013/features/i17_04_1.smc 6
/home/fj/felis/tid2013/features/i01_19_2.smc 5
/home/fj/felis/tid2013/features/i15_11_4.smc 2
/home/fj/felis/tid2013/features/i09_05_5.smc 4
/home/fj/felis/tid2013/features/i12_17_5.smc 4
/home/fj/felis/tid2013/features/i15_09_3.smc 5
/home/fj/felis/tid2013/features/i23_23_5.smc 3
/home/fj/felis/tid2013/features/i20_21_2.smc 5
/home/fj/felis/tid2013/features/i07_14_4.smc 5
/home/fj/felis/tid2013/features/i05_22_3.smc 5
/home/fj/felis/tid2013/features/i12_06_5.smc 4
/home/fj/felis/tid2013/features/i02_02_2.smc 6
/home/fj/felis/tid2013/features/i15_07_1.smc 5
/home/fj/felis/tid2013/features/i25_07_2.smc 3
/home/fj/felis/tid2013/features/i24_17_3.smc 5
/home/fj/felis/tid2013/features/i04_19_4.smc 4
/home/fj/felis/tid2013/features/i23_10_5.smc 2
/home/fj/felis/tid2013/features/i23_07_2.smc 4
/home/fj/felis/tid2013/features/i09_04_2.smc 6
/home/fj/felis/tid2013/features/i17_18_5.smc 4
/home/fj/felis/tid2013/features/i04_12_4.smc 3
/home/fj/felis/tid2013/features/i19_14_5.smc 4
/home/fj/felis/tid2013/features/i25_06_2.smc 4
/home/fj/felis/tid2013/features/i12_21_5.smc 2
/home/fj/felis/tid2013/features/i01_12_3.smc 4
/home/fj/felis/tid2013/features/i14_08_4.smc 3
/home/fj/felis/tid2013/features/i06_02_5.smc 4
/home/fj/felis/tid2013/features/i10_12_3.smc 5
/home/fj/felis/tid2013/features/i17_10_5.smc 2
/home/fj/felis/tid2013/features/i07_04_3.smc 5
/home/fj/felis/tid2013/features/i09_06_4.smc 4
/home/fj/felis/tid2013/features/i08_24_1.smc 6
/home/fj/felis/tid2013/features/i18_24_5.smc 1
/home/fj/felis/tid2013/features/i11_02_3.smc 5
/home/fj/felis/tid2013/features/i10_12_4.smc 4
/home/fj/felis/tid2013/features/i17_07_1.smc 6
/home/fj/felis/tid2013/features/i25_20_2.smc 6
/home/fj/felis/tid2013/features/i08_05_2.smc 5
/home/fj/felis/tid2013/features/i08_16_1.smc 6
/home/fj/felis/tid2013/features/i17_18_4.smc 4
/home/fj/felis/tid2013/features/i03_19_5.smc 4
/home/fj/felis/tid2013/features/i03_17_3.smc 5
/home/fj/felis/tid2013/features/i14_06_4.smc 4
/home/fj/felis/tid2013/features/i04_19_4.smc 4
/home/fj/felis/tid2013/features/i10_19_5.smc 4
/home/fj/felis/tid2013/features/i25_16_4.smc 6
/home/fj/felis/tid2013/features/i10_10_4.smc 4
/home/fj/felis/tid2013/features/i02_01_5.smc 4
/home/fj/felis/tid2013/features/i01_22_4.smc 3
/home/fj/felis/tid2013/features/i10_15_2.smc 3
/home/fj/felis/tid2013/features/i14_10_4.smc 3
/home/fj/felis/tid2013/features/i22_17_2.smc 6
/home/fj/felis/tid2013/features/i14_17_5.smc 3
/home/fj/felis/tid2013/features/i14_23_2.smc 6
/home/fj/felis/tid2013/features/i05_02_4.smc 5
/home/fj/felis/tid2013/features/i09_01_3.smc 5
/home/fj/felis/tid2013/features/i23_18_5.smc 4
/home/fj/felis/tid2013/features/i03_19_3.smc 5
/home/fj/felis/tid2013/features/i04_19_3.smc 5
/home/fj/felis/tid2013/features/i22_13_3.smc 4
/home/fj/felis/tid2013/features/i14_02_5.smc 5
/home/fj/felis/tid2013/features/i25_16_2.smc 6
/home/fj/felis/tid2013/features/i02_03_3.smc 4
/home/fj/felis/tid2013/features/i03_07_3.smc 4
/home/fj/felis/tid2013/features/i05_20_1.smc 6
/home/fj/felis/tid2013/features/i21_11_5.smc 1
/home/fj/felis/tid2013/features/i08_12_4.smc 5
/home/fj/felis/tid2013/features/i13_03_2.smc 5
/home/fj/felis/tid2013/features/i18_02_5.smc 4
/home/fj/felis/tid2013/features/i15_06_2.smc 4
/home/fj/felis/tid2013/features/i13_09_4.smc 2
/home/fj/felis/tid2013/features/i14_14_4.smc 4
/home/fj/felis/tid2013/features/i24_11_3.smc 4
/home/fj/felis/tid2013/features/i04_23_5.smc 1
/home/fj/felis/tid2013/features/i04_17_1.smc 6
/home/fj/felis/tid2013/features/i15_13_2.smc 4
/home/fj/felis/tid2013/features/i08_10_2.smc 6
/home/fj/felis/tid2013/features/i09_03_1.smc 5
/home/fj/felis/tid2013/features/i11_11_5.smc 1
/home/fj/felis/tid2013/features/i24_05_3.smc 5
/home/fj/felis/tid2013/features/i14_19_4.smc 4
/home/fj/felis/tid2013/features/i25_15_5.smc 4
/home/fj/felis/tid2013/features/i08_19_3.smc 5
/home/fj/felis/tid2013/features/i22_21_3.smc 5
/home/fj/felis/tid2013/features/i07_17_5.smc 3
/home/fj/felis/tid2013/features/i15_10_4.smc 3
/home/fj/felis/tid2013/features/i02_08_4.smc 4
/home/fj/felis/tid2013/features/i21_23_4.smc 5
/home/fj/felis/tid2013/features/I12_13_1.smc 5
/home/fj/felis/tid2013/features/i13_22_2.smc 5
/home/fj/felis/tid2013/features/i16_11_3.smc 3
/home/fj/felis/tid2013/features/i08_03_3.smc 3
/home/fj/felis/tid2013/features/i22_07_5.smc 3
/home/fj/felis/tid2013/features/i14_14_4.smc 4
/home/fj/felis/tid2013/features/i10_07_4.smc 4
/home/fj/felis/tid2013/features/i10_01_2.smc 5
/home/fj/felis/tid2013/features/i04_17_1.smc 6
/home/fj/felis/tid2013/features/i04_04_1.smc 6
/home/fj/felis/tid2013/features/i06_18_4.smc 4
/home/fj/felis/tid2013/features/i13_15_2.smc 3
/home/fj/felis/tid2013/features/i12_07_2.smc 4
/home/fj/felis/tid2013/features/i10_12_1.smc 5
/home/fj/felis/tid2013/features/i15_06_1.smc 4
/home/fj/felis/tid2013/features/i24_21_1.smc 6
/home/fj/felis/tid2013/features/i03_09_2.smc 6
/home/fj/felis/tid2013/features/i01_05_4.smc 4
/home/fj/felis/tid2013/features/i07_23_4.smc 4
/home/fj/felis/tid2013/features/i16_04_5.smc 5
/home/fj/felis/tid2013/features/i17_07_1.smc 6
/home/fj/felis/tid2013/features/i11_19_5.smc 4
/home/fj/felis/tid2013/features/i16_10_4.smc 4
/home/fj/felis/tid2013/features/i18_16_2.smc 6
/home/fj/felis/tid2013/features/i04_07_4.smc 3
/home/fj/felis/tid2013/features/i15_21_5.smc 2
/home/fj/felis/tid2013/features/i24_17_5.smc 4
/home/fj/felis/tid2013/features/i11_01_4.smc 4
/home/fj/felis/tid2013/features/i12_08_2.smc 5
/home/fj/felis/tid2013/features/i11_04_2.smc 6
/home/fj/felis/tid2013/features/i25_06_5.smc 3
/home/fj/felis/tid2013/features/i05_04_2.smc 6
/home/fj/felis/tid2013/features/i01_10_1.smc 6
/home/fj/felis/tid2013/features/i03_23_1.smc 7
/home/fj/felis/tid2013/features/i21_23_5.smc 3
/home/fj/felis/tid2013/features/i05_09_1.smc 6
/home/fj/felis/tid2013/features/i03_18_5.smc 5
/home/fj/felis/tid2013/features/i17_17_3.smc 4
/home/fj/felis/tid2013/features/i15_03_4.smc 3
/home/fj/felis/tid2013/features/i23_01_4.smc 4
/home/fj/felis/tid2013/features/i10_19_4.smc 4
/home/fj/felis/tid2013/features/i25_07_2.smc 3
/home/fj/felis/tid2013/features/i13_06_4.smc 3
/home/fj/felis/tid2013/features/i07_04_4.smc 5
/home/fj/felis/tid2013/features/i01_19_4.smc 5
/home/fj/felis/tid2013/features/i18_05_4.smc 4
/home/fj/felis/tid2013/features/i12_16_1.smc 7
/home/fj/felis/tid2013/features/i01_11_4.smc 4
/home/fj/felis/tid2013/features/i21_16_4.smc 5
/home/fj/felis/tid2013/features/i24_04_3.smc 6
/home/fj/felis/tid2013/features/i12_09_3.smc 5
/home/fj/felis/tid2013/features/i20_10_2.smc 6
/home/fj/felis/tid2013/features/i01_23_4.smc 5
/home/fj/felis/tid2013/features/i17_06_4.smc 4
/home/fj/felis/tid2013/features/i09_12_5.smc 3
/home/fj/felis/tid2013/features/i10_18_2.smc 4
/home/fj/felis/tid2013/features/i21_15_4.smc 4
/home/fj/felis/tid2013/features/i01_19_3.smc 5
/home/fj/felis/tid2013/features/i06_12_4.smc 4
/home/fj/felis/tid2013/features/i22_23_4.smc 4
/home/fj/felis/tid2013/features/i20_02_3.smc 6
/home/fj/felis/tid2013/features/i16_19_2.smc 5
/home/fj/felis/tid2013/features/I23_01_1.smc 6
/home/fj/felis/tid2013/features/i23_15_3.smc 3
/home/fj/felis/tid2013/features/i15_02_4.smc 5
/home/fj/felis/tid2013/features/i05_11_3.smc 5
/home/fj/felis/tid2013/features/i13_13_4.smc 4
/home/fj/felis/tid2013/features/i05_10_4.smc 3
/home/fj/felis/tid2013/features/i03_03_4.smc 3
/home/fj/felis/tid2013/features/i24_22_5.smc 3
/home/fj/felis/tid2013/features/i20_01_3.smc 5
/home/fj/felis/tid2013/features/i17_05_3.smc 5
/home/fj/felis/tid2013/features/i18_11_3.smc 5
/home/fj/felis/tid2013/features/i07_24_4.smc 2
/home/fj/felis/tid2013/features/i23_10_4.smc 4
/home/fj/felis/tid2013/features/i05_16_4.smc 5
/home/fj/felis/tid2013/features/i17_06_3.smc 4
/home/fj/felis/tid2013/features/i02_19_3.smc 5
/home/fj/felis/tid2013/features/i25_16_4.smc 6
/home/fj/felis/tid2013/features/i04_17_1.smc 6
/home/fj/felis/tid2013/features/i01_06_3.smc 4
/home/fj/felis/tid2013/features/i09_09_5.smc 3
/home/fj/felis/tid2013/features/i03_05_4.smc 4
/home/fj/felis/tid2013/features/i04_11_4.smc 2
/home/fj/felis/tid2013/features/i18_12_4.smc 5
/home/fj/felis/tid2013/features/i01_19_4.smc 5
/home/fj/felis/tid2013/features/i09_14_5.smc 3
/home/fj/felis/tid2013/features/i08_22_5.smc 2
/home/fj/felis/tid2013/features/i21_16_5.smc 5
/home/fj/felis/tid2013/features/i13_05_5.smc 3
/home/fj/felis/tid2013/features/i23_03_1.smc 5
/home/fj/felis/tid2013/features/i10_20_1.smc 6
/home/fj/felis/tid2013/features/i02_22_3.smc 4
/home/fj/felis/tid2013/features/i05_03_3.smc 4
/home/fj/felis/tid2013/features/i17_10_5.smc 2
/home/fj/felis/tid2013/features/i02_08_1.smc 6
/home/fj/felis/tid2013/features/i17_23_2.smc 6
/home/fj/felis/tid2013/features/I03_13_1.smc 5
/home/fj/felis/tid2013/features/i23_17_4.smc 7
/home/fj/felis/tid2013/features/i07_16_4.smc 5
/home/fj/felis/tid2013/features/i13_13_4.smc 4
/home/fj/felis/tid2013/features/i24_01_2.smc 5
/home/fj/felis/tid2013/features/i08_08_3.smc 4
/home/fj/felis/tid2013/features/i09_17_3.smc 5
/home/fj/felis/tid2013/features/i13_13_2.smc 5
/home/fj/felis/tid2013/features/i24_13_4.smc 3
/home/fj/felis/tid2013/features/i04_16_2.smc 7
/home/fj/felis/tid2013/features/i10_08_4.smc 4
/home/fj/felis/tid2013/features/i07_05_5.smc 3
/home/fj/felis/tid2013/features/i25_22_1.smc 5
/home/fj/felis/tid2013/features/i19_02_1.smc 6
/home/fj/felis/tid2013/features/i12_01_2.smc 5
/home/fj/felis/tid2013/features/i22_02_3.smc 5
/home/fj/felis/tid2013/features/i21_04_1.smc 6
/home/fj/felis/tid2013/features/i05_03_3.smc 4
/home/fj/felis/tid2013/features/i20_14_1.smc 6
/home/fj/felis/tid2013/features/i01_19_2.smc 5
/home/fj/felis/tid2013/features/i06_18_3.smc 4
/home/fj/felis/tid2013/features/i14_06_3.smc 4
/home/fj/felis/tid2013/features/i16_23_2.smc 5
/home/fj/felis/tid2013/features/i02_24_2.smc 5
/home/fj/felis/tid2013/features/i16_12_2.smc 6
/home/fj/felis/tid2013/features/i10_18_3.smc 4
/home/fj/felis/tid2013/features/i08_07_3.smc 4
/home/fj/felis/tid2013/features/i14_15_3.smc 4
/home/fj/felis/tid2013/features/i19_02_5.smc 4
/home/fj/felis/tid2013/features/i02_07_2.smc 6
/home/fj/felis/tid2013/features/i06_14_4.smc 4
/home/fj/felis/tid2013/features/i24_22_3.smc 5
/home/fj/felis/tid2013/features/i10_01_3.smc 5
/home/fj/felis/tid2013/features/i23_06_2.smc 4
/home/fj/felis/tid2013/features/i13_02_3.smc 6
/home/fj/felis/tid2013/features/i09_06_1.smc 5
