/home/fj/felis/tid2013/features/i11_05_4.smc 4
/home/fj/felis/tid2013/features/i15_24_5.smc 1
/home/fj/felis/tid2013/features/i02_20_1.smc 6
/home/fj/felis/tid2013/features/i21_02_4.smc 5
/home/fj/felis/tid2013/features/i01_13_3.smc 3
/home/fj/felis/tid2013/features/i01_22_4.smc 3
/home/fj/felis/tid2013/features/i25_20_5.smc 4
/home/fj/felis/tid2013/features/i11_24_4.smc 3
/home/fj/felis/tid2013/features/i10_10_3.smc 5
/home/fj/felis/tid2013/features/i10_19_4.smc 4
/home/fj/felis/tid2013/features/i11_15_1.smc 3
/home/fj/felis/tid2013/features/i15_22_1.smc 6
/home/fj/felis/tid2013/features/i15_05_4.smc 4
/home/fj/felis/tid2013/features/i25_22_4.smc 3
/home/fj/felis/tid2013/features/i10_20_3.smc 4
/home/fj/felis/tid2013/features/i16_16_1.smc 6
/home/fj/felis/tid2013/features/i23_16_4.smc 5
/home/fj/felis/tid2013/features/i11_14_4.smc 5
/home/fj/felis/tid2013/features/i15_04_5.smc 5
/home/fj/felis/tid2013/features/i10_01_3.smc 5
/home/fj/felis/tid2013/features/i01_22_5.smc 2
/home/fj/felis/tid2013/features/i23_02_1.smc 6
/home/fj/felis/tid2013/features/i21_05_4.smc 4
/home/fj/felis/tid2013/features/i12_11_2.smc 5
/home/fj/felis/tid2013/features/i06_23_5.smc 2
/home/fj/felis/tid2013/features/i20_20_4.smc 4
/home/fj/felis/tid2013/features/i18_17_4.smc 6
/home/fj/felis/tid2013/features/i15_17_3.smc 5
/home/fj/felis/tid2013/features/i21_16_3.smc 6
/home/fj/felis/tid2013/features/i08_05_4.smc 4
/home/fj/felis/tid2013/features/i04_14_3.smc 6
/home/fj/felis/tid2013/features/i19_16_2.smc 6
/home/fj/felis/tid2013/features/i25_20_4.smc 5
/home/fj/felis/tid2013/features/i23_23_5.smc 3
/home/fj/felis/tid2013/features/i22_11_3.smc 4
/home/fj/felis/tid2013/features/i09_04_5.smc 4
/home/fj/felis/tid2013/features/i01_20_4.smc 5
/home/fj/felis/tid2013/features/i18_04_2.smc 6
/home/fj/felis/tid2013/features/i07_03_4.smc 3
/home/fj/felis/tid2013/features/i23_13_4.smc 2
/home/fj/felis/tid2013/features/i16_04_5.smc 5
/home/fj/felis/tid2013/features/i04_02_1.smc 6
/home/fj/felis/tid2013/features/i01_03_1.smc 5
/home/fj/felis/tid2013/features/i16_21_2.smc 5
/home/fj/felis/tid2013/features/i04_14_1.smc 5
/home/fj/felis/tid2013/features/i09_13_5.smc 3
/home/fj/felis/tid2013/features/i24_16_5.smc 5
/home/fj/felis/tid2013/features/i09_15_4.smc 4
/home/fj/felis/tid2013/features/i07_20_5.smc 3
/home/fj/felis/tid2013/features/i09_19_5.smc 3
/home/fj/felis/tid2013/features/i18_10_4.smc 4
/home/fj/felis/tid2013/features/i11_12_1.smc 6
/home/fj/felis/tid2013/features/i16_14_1.smc 6
/home/fj/felis/tid2013/features/i15_04_3.smc 6
/home/fj/felis/tid2013/features/i14_03_1.smc 5
/home/fj/felis/tid2013/features/i25_04_3.smc 6
/home/fj/felis/tid2013/features/i08_16_5.smc 5
/home/fj/felis/tid2013/features/i03_22_1.smc 6
/home/fj/felis/tid2013/features/i10_19_1.smc 6
/home/fj/felis/tid2013/features/i03_09_2.smc 6
/home/fj/felis/tid2013/features/i03_05_2.smc 6
/home/fj/felis/tid2013/features/i12_03_1.smc 5
/home/fj/felis/tid2013/features/i16_13_2.smc 4
/home/fj/felis/tid2013/features/i20_16_2.smc 6
/home/fj/felis/tid2013/features/i13_12_1.smc 5
/home/fj/felis/tid2013/features/i07_10_4.smc 4
/home/fj/felis/tid2013/features/i16_18_1.smc 5
/home/fj/felis/tid2013/features/i03_18_3.smc 6
/home/fj/felis/tid2013/features/i04_18_1.smc 5
/home/fj/felis/tid2013/features/i19_11_3.smc 5
/home/fj/felis/tid2013/features/i08_14_5.smc 4
/home/fj/felis/tid2013/features/i15_12_5.smc 3
/home/fj/felis/tid2013/features/i22_10_2.smc 6
/home/fj/felis/tid2013/features/i11_10_4.smc 3
/home/fj/felis/tid2013/features/i03_17_2.smc 7
/home/fj/felis/tid2013/features/i10_04_4.smc 5
/home/fj/felis/tid2013/features/i17_14_2.smc 6
/home/fj/felis/tid2013/features/i12_23_2.smc 6
/home/fj/felis/tid2013/features/i24_07_4.smc 3
/home/fj/felis/tid2013/features/i20_04_3.smc 5
/home/fj/felis/tid2013/features/i05_13_4.smc 3
/home/fj/felis/tid2013/features/i06_06_3.smc 4
/home/fj/felis/tid2013/features/i24_04_3.smc 6
/home/fj/felis/tid2013/features/i06_13_5.smc 3
/home/fj/felis/tid2013/features/i24_12_2.smc 6
/home/fj/felis/tid2013/features/i11_13_5.smc 2
/home/fj/felis/tid2013/features/i12_03_3.smc 4
/home/fj/felis/tid2013/features/i22_23_2.smc 6
/home/fj/felis/tid2013/features/i14_15_4.smc 4
/home/fj/felis/tid2013/features/i06_10_1.smc 6
/home/fj/felis/tid2013/features/i17_23_3.smc 5
/home/fj/felis/tid2013/features/i16_14_1.smc 6
/home/fj/felis/tid2013/features/i23_03_5.smc 3
/home/fj/felis/tid2013/features/i11_19_5.smc 4
/home/fj/felis/tid2013/features/i05_04_5.smc 4
/home/fj/felis/tid2013/features/i08_02_4.smc 5
/home/fj/felis/tid2013/features/i13_23_4.smc 5
/home/fj/felis/tid2013/features/i04_20_3.smc 4
/home/fj/felis/tid2013/features/i25_06_5.smc 3
/home/fj/felis/tid2013/features/i01_23_2.smc 6
/home/fj/felis/tid2013/features/i22_20_3.smc 6
/home/fj/felis/tid2013/features/i03_12_1.smc 5
/home/fj/felis/tid2013/features/i02_24_4.smc 2
/home/fj/felis/tid2013/features/i04_20_2.smc 5
/home/fj/felis/tid2013/features/i04_05_2.smc 6
/home/fj/felis/tid2013/features/i19_02_2.smc 6
/home/fj/felis/tid2013/features/i11_19_3.smc 5
/home/fj/felis/tid2013/features/i03_21_1.smc 5
/home/fj/felis/tid2013/features/i19_06_3.smc 4
/home/fj/felis/tid2013/features/i12_15_1.smc 4
/home/fj/felis/tid2013/features/i15_17_2.smc 7
/home/fj/felis/tid2013/features/i25_05_2.smc 5
/home/fj/felis/tid2013/features/i17_01_5.smc 4
/home/fj/felis/tid2013/features/i16_13_4.smc 3
/home/fj/felis/tid2013/features/i25_12_1.smc 6
/home/fj/felis/tid2013/features/i04_09_5.smc 3
/home/fj/felis/tid2013/features/I07_11_1.smc 5
/home/fj/felis/tid2013/features/i04_03_4.smc 3
/home/fj/felis/tid2013/features/i03_11_5.smc 1
/home/fj/felis/tid2013/features/i23_07_4.smc 3
/home/fj/felis/tid2013/features/i17_13_3.smc 3
/home/fj/felis/tid2013/features/i02_08_2.smc 5
/home/fj/felis/tid2013/features/i04_14_4.smc 4
/home/fj/felis/tid2013/features/i04_24_4.smc 2
/home/fj/felis/tid2013/features/i02_24_3.smc 3
/home/fj/felis/tid2013/features/i24_14_1.smc 6
/home/fj/felis/tid2013/features/i02_07_5.smc 3
/home/fj/felis/tid2013/features/i14_15_3.smc 4
/home/fj/felis/tid2013/features/i19_08_5.smc 2
/home/fj/felis/tid2013/features/i09_05_2.smc 6
/home/fj/felis/tid2013/features/i12_06_1.smc 5
/home/fj/felis/tid2013/features/i04_23_3.smc 4
/home/fj/felis/tid2013/features/i05_02_3.smc 5
/home/fj/felis/tid2013/features/i15_24_5.smc 1
/home/fj/felis/tid2013/features/i17_10_5.smc 2
/home/fj/felis/tid2013/features/i14_10_5.smc 2
/home/fj/felis/tid2013/features/i23_23_5.smc 3
/home/fj/felis/tid2013/features/i16_03_5.smc 3
/home/fj/felis/tid2013/features/i22_07_4.smc 4
/home/fj/felis/tid2013/features/i09_16_4.smc 6
/home/fj/felis/tid2013/features/i23_19_3.smc 5
/home/fj/felis/tid2013/features/i17_22_3.smc 4
/home/fj/felis/tid2013/features/i25_24_4.smc 4
/home/fj/felis/tid2013/features/i05_15_4.smc 4
/home/fj/felis/tid2013/features/i15_22_2.smc 6
/home/fj/felis/tid2013/features/i17_22_5.smc 3
/home/fj/felis/tid2013/features/i20_18_2.smc 5
/home/fj/felis/tid2013/features/i13_21_4.smc 5
/home/fj/felis/tid2013/features/i02_16_1.smc 6
/home/fj/felis/tid2013/features/i05_10_3.smc 5
/home/fj/felis/tid2013/features/i07_13_5.smc 3
/home/fj/felis/tid2013/features/i01_06_4.smc 3
/home/fj/felis/tid2013/features/i02_08_4.smc 4
/home/fj/felis/tid2013/features/i01_13_5.smc 3
/home/fj/felis/tid2013/features/i06_19_3.smc 5
/home/fj/felis/tid2013/features/i25_12_2.smc 6
/home/fj/felis/tid2013/features/i18_14_5.smc 3
/home/fj/felis/tid2013/features/i16_23_2.smc 5
/home/fj/felis/tid2013/features/i20_20_5.smc 3
/home/fj/felis/tid2013/features/i11_10_4.smc 3
/home/fj/felis/tid2013/features/i14_14_1.smc 6
/home/fj/felis/tid2013/features/i05_04_3.smc 6
/home/fj/felis/tid2013/features/i21_24_4.smc 3
/home/fj/felis/tid2013/features/i25_01_2.smc 5
/home/fj/felis/tid2013/features/i17_08_3.smc 5
/home/fj/felis/tid2013/features/i23_02_1.smc 6
/home/fj/felis/tid2013/features/i21_20_3.smc 6
/home/fj/felis/tid2013/features/i18_06_1.smc 5
/home/fj/felis/tid2013/features/i15_17_4.smc 6
/home/fj/felis/tid2013/features/i03_07_3.smc 4
/home/fj/felis/tid2013/features/i09_08_2.smc 5
/home/fj/felis/tid2013/features/i06_23_3.smc 6
/home/fj/felis/tid2013/features/i23_12_5.smc 2
/home/fj/felis/tid2013/features/i17_04_5.smc 5
/home/fj/felis/tid2013/features/i06_09_4.smc 3
/home/fj/felis/tid2013/features/i23_20_1.smc 6
/home/fj/felis/tid2013/features/i18_21_1.smc 6
/home/fj/felis/tid2013/features/i03_05_4.smc 4
/home/fj/felis/tid2013/features/i19_15_1.smc 3
/home/fj/felis/tid2013/features/i03_24_1.smc 6
/home/fj/felis/tid2013/features/i23_13_5.smc 3
/home/fj/felis/tid2013/features/i01_05_2.smc 6
/home/fj/felis/tid2013/features/i14_05_4.smc 4
/home/fj/felis/tid2013/features/i16_01_5.smc 4
/home/fj/felis/tid2013/features/i22_21_1.smc 6
/home/fj/felis/tid2013/features/i18_08_5.smc 2
/home/fj/felis/tid2013/features/i07_15_4.smc 3
/home/fj/felis/tid2013/features/i09_14_2.smc 5
/home/fj/felis/tid2013/features/i06_11_5.smc 1
/home/fj/felis/tid2013/features/i10_18_2.smc 4
/home/fj/felis/tid2013/features/i17_10_1.smc 6
/home/fj/felis/tid2013/features/i10_11_3.smc 4
/home/fj/felis/tid2013/features/i12_03_2.smc 4
/home/fj/felis/tid2013/features/i12_10_1.smc 6
/home/fj/felis/tid2013/features/i04_05_5.smc 4
/home/fj/felis/tid2013/features/i15_03_5.smc 3
/home/fj/felis/tid2013/features/i24_03_2.smc 4
/home/fj/felis/tid2013/features/i04_07_3.smc 4
/home/fj/felis/tid2013/features/i11_04_5.smc 5
/home/fj/felis/tid2013/features/i05_17_5.smc 3
/home/fj/felis/tid2013/features/i05_05_1.smc 6
/home/fj/felis/tid2013/features/i07_24_3.smc 4
/home/fj/felis/tid2013/features/i23_24_2.smc 5
/home/fj/felis/tid2013/features/i23_03_2.smc 4
/home/fj/felis/tid2013/features/i02_07_5.smc 3
/home/fj/felis/tid2013/features/i10_06_4.smc 4
/home/fj/felis/tid2013/features/i22_21_1.smc 6
/home/fj/felis/tid2013/features/i08_16_1.smc 6
/home/fj/felis/tid2013/features/i25_04_3.smc 6
/home/fj/felis/tid2013/features/i20_24_1.smc 6
/home/fj/felis/tid2013/features/i10_22_2.smc 5
/home/fj/felis/tid2013/features/i25_20_1.smc 6
/home/fj/felis/tid2013/features/i24_09_2.smc 5
/home/fj/felis/tid2013/features/i16_05_5.smc 3
/home/fj/felis/tid2013/features/i22_21_1.smc 6
/home/fj/felis/tid2013/features/i13_18_2.smc 4
/home/fj/felis/tid2013/features/i24_23_2.smc 6
/home/fj/felis/tid2013/features/i15_09_1.smc 6
/home/fj/felis/tid2013/features/i04_05_4.smc 4
/home/fj/felis/tid2013/features/i17_06_5.smc 3
/home/fj/felis/tid2013/features/i18_12_2.smc 5
/home/fj/felis/tid2013/features/i10_21_5.smc 3
/home/fj/felis/tid2013/features/i22_09_3.smc 5
/home/fj/felis/tid2013/features/i25_15_2.smc 3
/home/fj/felis/tid2013/features/i02_07_5.smc 3
/home/fj/felis/tid2013/features/i05_04_4.smc 5
/home/fj/felis/tid2013/features/i22_04_5.smc 4
/home/fj/felis/tid2013/features/i21_07_2.smc 4
/home/fj/felis/tid2013/features/i23_20_5.smc 3
/home/fj/felis/tid2013/features/i12_12_5.smc 3
/home/fj/felis/tid2013/features/i04_17_1.smc 6
/home/fj/felis/tid2013/features/i12_02_4.smc 5
/home/fj/felis/tid2013/features/i01_07_3.smc 4
/home/fj/felis/tid2013/features/i06_08_2.smc 5
/home/fj/felis/tid2013/features/i13_20_5.smc 5
/home/fj/felis/tid2013/features/i12_15_1.smc 4
/home/fj/felis/tid2013/features/I03_11_1.smc 5
/home/fj/felis/tid2013/features/i22_01_2.smc 5
/home/fj/felis/tid2013/features/i19_16_5.smc 4
/home/fj/felis/tid2013/features/i05_15_1.smc 3
/home/fj/felis/tid2013/features/i06_15_4.smc 4
/home/fj/felis/tid2013/features/i18_11_2.smc 6
/home/fj/felis/tid2013/features/i22_09_5.smc 2
/home/fj/felis/tid2013/features/i17_03_1.smc 5
/home/fj/felis/tid2013/features/i06_11_2.smc 5
/home/fj/felis/tid2013/features/i22_13_3.smc 4
/home/fj/felis/tid2013/features/i18_18_3.smc 4
/home/fj/felis/tid2013/features/i01_10_5.smc 2
/home/fj/felis/tid2013/features/i17_05_5.smc 3
/home/fj/felis/tid2013/features/i15_24_2.smc 5
/home/fj/felis/tid2013/features/i15_08_3.smc 5
/home/fj/felis/tid2013/features/i08_10_5.smc 1
/home/fj/felis/tid2013/features/i03_16_1.smc 7
/home/fj/felis/tid2013/features/i04_18_2.smc 5
/home/fj/felis/tid2013/features/i02_13_3.smc 3
/home/fj/felis/tid2013/features/i14_21_2.smc 5
/home/fj/felis/tid2013/features/i25_07_3.smc 3
/home/fj/felis/tid2013/features/i08_05_1.smc 5
/home/fj/felis/tid2013/features/i04_09_2.smc 6
/home/fj/felis/tid2013/features/i25_23_3.smc 6
/home/fj/felis/tid2013/features/i19_20_2.smc 6
/home/fj/felis/tid2013/features/i09_15_1.smc 3
/home/fj/felis/tid2013/features/i10_20_3.smc 4
/home/fj/felis/tid2013/features/i08_02_4.smc 5
/home/fj/felis/tid2013/features/i05_24_2.smc 6
/home/fj/felis/tid2013/features/i06_02_5.smc 4
/home/fj/felis/tid2013/features/i20_03_2.smc 4
/home/fj/felis/tid2013/features/i23_02_5.smc 4
/home/fj/felis/tid2013/features/i13_23_4.smc 5
/home/fj/felis/tid2013/features/i24_17_4.smc 7
/home/fj/felis/tid2013/features/i25_04_2.smc 6
/home/fj/felis/tid2013/features/i15_15_5.smc 5
/home/fj/felis/tid2013/features/i23_14_3.smc 5
/home/fj/felis/tid2013/features/i16_07_5.smc 3
/home/fj/felis/tid2013/features/i14_22_2.smc 5
/home/fj/felis/tid2013/features/i15_07_1.smc 5
/home/fj/felis/tid2013/features/i06_18_3.smc 4
/home/fj/felis/tid2013/features/i15_19_5.smc 4
/home/fj/felis/tid2013/features/i23_24_2.smc 5
/home/fj/felis/tid2013/features/i09_16_3.smc 6
/home/fj/felis/tid2013/features/i23_10_3.smc 5
/home/fj/felis/tid2013/features/i15_13_4.smc 3
/home/fj/felis/tid2013/features/i22_21_2.smc 5
/home/fj/felis/tid2013/features/i08_23_1.smc 6
/home/fj/felis/tid2013/features/i24_18_1.smc 5
/home/fj/felis/tid2013/features/i22_13_3.smc 4
/home/fj/felis/tid2013/features/i15_05_4.smc 4
/home/fj/felis/tid2013/features/i22_02_5.smc 5
/home/fj/felis/tid2013/features/i14_10_4.smc 3
/home/fj/felis/tid2013/features/i22_11_4.smc 3
/home/fj/felis/tid2013/features/i08_19_5.smc 4
/home/fj/felis/tid2013/features/i10_22_4.smc 4
/home/fj/felis/tid2013/features/i12_13_2.smc 5
/home/fj/felis/tid2013/features/i03_08_3.smc 4
/home/fj/felis/tid2013/features/i01_23_2.smc 6
/home/fj/felis/tid2013/features/i25_22_3.smc 4
/home/fj/felis/tid2013/features/i15_03_2.smc 4
/home/fj/felis/tid2013/features/i07_02_5.smc 5
/home/fj/felis/tid2013/features/i15_11_3.smc 3
/home/fj/felis/tid2013/features/i22_18_5.smc 3
/home/fj/felis/tid2013/features/i05_14_3.smc 6
/home/fj/felis/tid2013/features/i18_21_2.smc 5
/home/fj/felis/tid2013/features/i18_15_3.smc 3
/home/fj/felis/tid2013/features/i25_24_1.smc 6
/home/fj/felis/tid2013/features/i25_08_5.smc 2
/home/fj/felis/tid2013/features/i04_24_1.smc 6
/home/fj/felis/tid2013/features/i18_06_3.smc 4
/home/fj/felis/tid2013/features/i22_08_1.smc 5
/home/fj/felis/tid2013/features/i10_06_4.smc 4
/home/fj/felis/tid2013/features/i05_17_1.smc 5
/home/fj/felis/tid2013/features/i21_04_5.smc 5
/home/fj/felis/tid2013/features/i02_16_4.smc 5
/home/fj/felis/tid2013/features/i23_19_3.smc 5
/home/fj/felis/tid2013/features/i06_08_1.smc 5
/home/fj/felis/tid2013/features/i01_07_4.smc 3
/home/fj/felis/tid2013/features/i11_13_4.smc 3
/home/fj/felis/tid2013/features/i11_09_2.smc 6
/home/fj/felis/tid2013/features/i21_07_3.smc 4
/home/fj/felis/tid2013/features/i20_24_4.smc 2
/home/fj/felis/tid2013/features/i13_01_5.smc 4
/home/fj/felis/tid2013/features/i08_19_3.smc 5
/home/fj/felis/tid2013/features/i06_06_4.smc 4
/home/fj/felis/tid2013/features/i16_24_4.smc 2
/home/fj/felis/tid2013/features/i21_02_5.smc 4
/home/fj/felis/tid2013/features/i02_19_5.smc 4
/home/fj/felis/tid2013/features/i02_04_1.smc 6
/home/fj/felis/tid2013/features/i09_12_2.smc 6
/home/fj/felis/tid2013/features/i16_21_5.smc 2
/home/fj/felis/tid2013/features/i22_23_4.smc 4
/home/fj/felis/tid2013/features/i18_21_2.smc 5
/home/fj/felis/tid2013/features/i23_19_4.smc 4
/home/fj/felis/tid2013/features/i14_18_2.smc 5
/home/fj/felis/tid2013/features/i25_23_2.smc 6
/home/fj/felis/tid2013/features/i20_24_3.smc 3
/home/fj/felis/tid2013/features/i24_22_4.smc 3
/home/fj/felis/tid2013/features/i17_06_2.smc 4
/home/fj/felis/tid2013/features/i07_14_1.smc 6
/home/fj/felis/tid2013/features/i24_09_2.smc 5
/home/fj/felis/tid2013/features/i12_04_4.smc 5
/home/fj/felis/tid2013/features/i20_01_4.smc 4
/home/fj/felis/tid2013/features/i19_11_5.smc 1
/home/fj/felis/tid2013/features/i03_10_2.smc 6
/home/fj/felis/tid2013/features/i16_07_1.smc 5
/home/fj/felis/tid2013/features/i10_06_4.smc 4
/home/fj/felis/tid2013/features/i05_22_5.smc 3
/home/fj/felis/tid2013/features/i15_14_3.smc 6
/home/fj/felis/tid2013/features/i18_10_1.smc 6
/home/fj/felis/tid2013/features/i22_04_2.smc 6
/home/fj/felis/tid2013/features/i08_03_2.smc 4
/home/fj/felis/tid2013/features/i18_04_1.smc 6
/home/fj/felis/tid2013/features/i12_21_1.smc 5
/home/fj/felis/tid2013/features/i18_15_4.smc 4
/home/fj/felis/tid2013/features/i03_06_5.smc 4
/home/fj/felis/tid2013/features/i18_09_4.smc 3
/home/fj/felis/tid2013/features/i12_19_1.smc 6
/home/fj/felis/tid2013/features/i06_19_5.smc 4
/home/fj/felis/tid2013/features/i11_15_2.smc 3
/home/fj/felis/tid2013/features/i15_10_1.smc 6
/home/fj/felis/tid2013/features/i04_01_4.smc 4
/home/fj/felis/tid2013/features/i16_14_1.smc 6
/home/fj/felis/tid2013/features/i15_09_3.smc 5
/home/fj/felis/tid2013/features/i18_16_2.smc 6
/home/fj/felis/tid2013/features/i01_12_1.smc 6
/home/fj/felis/tid2013/features/i21_19_3.smc 4
/home/fj/felis/tid2013/features/i08_09_2.smc 6
/home/fj/felis/tid2013/features/i18_04_4.smc 5
/home/fj/felis/tid2013/features/i14_14_1.smc 6
/home/fj/felis/tid2013/features/i13_02_1.smc 5
/home/fj/felis/tid2013/features/i14_05_2.smc 6
/home/fj/felis/tid2013/features/i09_10_4.smc 3
/home/fj/felis/tid2013/features/i23_23_2.smc 6
/home/fj/felis/tid2013/features/i04_15_4.smc 4
/home/fj/felis/tid2013/features/i07_05_4.smc 4
/home/fj/felis/tid2013/features/i10_05_4.smc 4
/home/fj/felis/tid2013/features/i12_22_4.smc 4
/home/fj/felis/tid2013/features/i05_24_5.smc 3
/home/fj/felis/tid2013/features/i14_08_3.smc 3
/home/fj/felis/tid2013/features/i01_02_3.smc 5
/home/fj/felis/tid2013/features/i05_12_3.smc 5
/home/fj/felis/tid2013/features/i20_19_5.smc 3
/home/fj/felis/tid2013/features/i23_20_4.smc 3
/home/fj/felis/tid2013/features/i08_06_3.smc 4
/home/fj/felis/tid2013/features/i14_21_4.smc 4
/home/fj/felis/tid2013/features/i23_22_5.smc 4
/home/fj/felis/tid2013/features/i08_01_4.smc 4
/home/fj/felis/tid2013/features/i14_08_3.smc 3
/home/fj/felis/tid2013/features/i05_24_2.smc 6
/home/fj/felis/tid2013/features/i04_07_3.smc 4
/home/fj/felis/tid2013/features/i21_09_2.smc 6
/home/fj/felis/tid2013/features/i24_03_1.smc 5
/home/fj/felis/tid2013/features/i05_15_3.smc 3
/home/fj/felis/tid2013/features/i02_09_2.smc 6
/home/fj/felis/tid2013/features/i15_02_1.smc 6
/home/fj/felis/tid2013/features/i11_03_5.smc 3
/home/fj/felis/tid2013/features/i07_24_2.smc 5
/home/fj/felis/tid2013/features/i02_04_4.smc 5
/home/fj/felis/tid2013/features/i10_23_5.smc 1
/home/fj/felis/tid2013/features/i19_23_4.smc 6
/home/fj/felis/tid2013/features/i09_19_4.smc 4
/home/fj/felis/tid2013/features/i24_06_4.smc 4
/home/fj/felis/tid2013/features/i25_11_3.smc 5
/home/fj/felis/tid2013/features/i06_24_2.smc 6
/home/fj/felis/tid2013/features/i03_24_5.smc 0
/home/fj/felis/tid2013/features/i06_24_1.smc 6
/home/fj/felis/tid2013/features/i17_03_2.smc 4
/home/fj/felis/tid2013/features/i18_14_3.smc 4
/home/fj/felis/tid2013/features/i24_05_2.smc 5
/home/fj/felis/tid2013/features/i02_09_5.smc 2
/home/fj/felis/tid2013/features/i24_14_1.smc 6
/home/fj/felis/tid2013/features/i09_18_1.smc 5
/home/fj/felis/tid2013/features/i17_03_1.smc 5
/home/fj/felis/tid2013/features/i18_17_4.smc 6
/home/fj/felis/tid2013/features/i07_05_4.smc 4
/home/fj/felis/tid2013/features/i23_07_3.smc 4
/home/fj/felis/tid2013/features/i01_19_1.smc 6
/home/fj/felis/tid2013/features/i24_13_2.smc 4
/home/fj/felis/tid2013/features/i06_01_2.smc 5
/home/fj/felis/tid2013/features/i19_10_2.smc 5
/home/fj/felis/tid2013/features/i14_06_3.smc 4
/home/fj/felis/tid2013/features/i17_20_3.smc 5
/home/fj/felis/tid2013/features/I01_13_1.smc 5
/home/fj/felis/tid2013/features/i05_15_1.smc 3
/home/fj/felis/tid2013/features/i04_08_1.smc 6
/home/fj/felis/tid2013/features/i05_02_1.smc 6
/home/fj/felis/tid2013/features/i03_21_5.smc 2
/home/fj/felis/tid2013/features/i12_18_5.smc 4
/home/fj/felis/tid2013/features/i19_24_1.smc 5
/home/fj/felis/tid2013/features/i02_12_2.smc 4
/home/fj/felis/tid2013/features/i14_16_1.smc 6
/home/fj/felis/tid2013/features/i11_17_1.smc 6
/home/fj/felis/tid2013/features/i02_11_3.smc 3
/home/fj/felis/tid2013/features/i12_18_1.smc 6
/home/fj/felis/tid2013/features/i06_24_4.smc 3
/home/fj/felis/tid2013/features/i04_23_3.smc 4
/home/fj/felis/tid2013/features/i03_19_1.smc 6
/home/fj/felis/tid2013/features/i21_23_4.smc 5
/home/fj/felis/tid2013/features/i07_21_1.smc 6
/home/fj/felis/tid2013/features/i23_06_4.smc 4
/home/fj/felis/tid2013/features/i22_08_4.smc 3
/home/fj/felis/tid2013/features/i04_02_5.smc 5
/home/fj/felis/tid2013/features/i08_04_2.smc 6
/home/fj/felis/tid2013/features/i09_09_3.smc 5
/home/fj/felis/tid2013/features/i24_05_2.smc 5
/home/fj/felis/tid2013/features/i09_04_5.smc 4
/home/fj/felis/tid2013/features/i03_22_1.smc 6
/home/fj/felis/tid2013/features/i18_18_4.smc 4
/home/fj/felis/tid2013/features/i22_12_3.smc 6
/home/fj/felis/tid2013/features/i03_01_5.smc 4
/home/fj/felis/tid2013/features/i19_14_5.smc 4
/home/fj/felis/tid2013/features/i08_04_1.smc 6
/home/fj/felis/tid2013/features/i08_02_4.smc 5
/home/fj/felis/tid2013/features/i10_18_1.smc 5
/home/fj/felis/tid2013/features/i20_09_4.smc 4
/home/fj/felis/tid2013/features/i17_13_5.smc 2
/home/fj/felis/tid2013/features/i12_19_1.smc 6
/home/fj/felis/tid2013/features/i19_14_5.smc 4
/home/fj/felis/tid2013/features/i16_13_2.smc 4
/home/fj/felis/tid2013/features/i22_06_3.smc 4
/home/fj/felis/tid2013/features/i15_17_3.smc 5
/home/fj/felis/tid2013/features/i13_15_4.smc 4
/home/fj/felis/tid2013/features/i03_20_3.smc 4
/home/fj/felis/tid2013/features/i23_06_4.smc 4
/home/fj/felis/tid2013/features/i18_14_4.smc 4
/home/fj/felis/tid2013/features/i02_10_3.smc 5
/home/fj/felis/tid2013/features/i19_15_3.smc 4
/home/fj/felis/tid2013/features/i16_07_2.smc 5
/home/fj/felis/tid2013/features/i04_05_5.smc 4
/home/fj/felis/tid2013/features/i14_22_3.smc 5
/home/fj/felis/tid2013/features/i13_18_5.smc 3
/home/fj/felis/tid2013/features/i06_02_1.smc 6
/home/fj/felis/tid2013/features/i23_16_2.smc 6
/home/fj/felis/tid2013/features/i23_02_2.smc 6
/home/fj/felis/tid2013/features/i15_08_4.smc 4
/home/fj/felis/tid2013/features/i02_16_4.smc 5
/home/fj/felis/tid2013/features/i09_03_4.smc 3
/home/fj/felis/tid2013/features/i15_18_4.smc 4
/home/fj/felis/tid2013/features/i10_06_3.smc 5
/home/fj/felis/tid2013/features/i19_04_2.smc 6
/home/fj/felis/tid2013/features/i25_11_2.smc 6
/home/fj/felis/tid2013/features/i07_07_1.smc 6
/home/fj/felis/tid2013/features/i21_08_1.smc 6
/home/fj/felis/tid2013/features/i22_11_2.smc 6
/home/fj/felis/tid2013/features/i02_03_5.smc 3
/home/fj/felis/tid2013/features/i17_06_1.smc 4
/home/fj/felis/tid2013/features/i19_10_3.smc 5
/home/fj/felis/tid2013/features/i12_05_3.smc 5
/home/fj/felis/tid2013/features/i24_22_2.smc 5
/home/fj/felis/tid2013/features/i10_11_4.smc 2
/home/fj/felis/tid2013/features/i04_06_1.smc 5
/home/fj/felis/tid2013/features/i06_04_1.smc 6
/home/fj/felis/tid2013/features/i02_05_1.smc 6
/home/fj/felis/tid2013/features/i09_09_1.smc 7
/home/fj/felis/tid2013/features/i25_09_2.smc 5
/home/fj/felis/tid2013/features/i23_18_4.smc 5
/home/fj/felis/tid2013/features/i12_04_5.smc 4
/home/fj/felis/tid2013/features/i22_12_3.smc 6
/home/fj/felis/tid2013/features/i02_19_4.smc 4
/home/fj/felis/tid2013/features/i05_19_5.smc 3
/home/fj/felis/tid2013/features/i16_07_2.smc 5
/home/fj/felis/tid2013/features/i01_09_3.smc 4
/home/fj/felis/tid2013/features/i11_01_4.smc 4
/home/fj/felis/tid2013/features/i17_18_1.smc 5
/home/fj/felis/tid2013/features/i16_18_1.smc 5
/home/fj/felis/tid2013/features/i09_02_1.smc 6
/home/fj/felis/tid2013/features/i06_05_4.smc 4
/home/fj/felis/tid2013/features/i02_20_3.smc 5
/home/fj/felis/tid2013/features/i10_09_2.smc 6
/home/fj/felis/tid2013/features/i25_20_5.smc 4
/home/fj/felis/tid2013/features/i17_07_2.smc 5
/home/fj/felis/tid2013/features/i08_09_5.smc 2
/home/fj/felis/tid2013/features/i20_20_1.smc 6
/home/fj/felis/tid2013/features/i01_23_3.smc 6
/home/fj/felis/tid2013/features/i03_06_4.smc 4
/home/fj/felis/tid2013/features/i24_04_4.smc 5
/home/fj/felis/tid2013/features/i24_01_2.smc 5
/home/fj/felis/tid2013/features/i02_13_4.smc 3
/home/fj/felis/tid2013/features/i17_04_2.smc 6
/home/fj/felis/tid2013/features/i19_11_5.smc 1
/home/fj/felis/tid2013/features/i16_17_5.smc 3
/home/fj/felis/tid2013/features/i09_05_4.smc 4
/home/fj/felis/tid2013/features/i10_05_2.smc 6
/home/fj/felis/tid2013/features/i24_07_3.smc 4
/home/fj/felis/tid2013/features/i21_07_2.smc 4
/home/fj/felis/tid2013/features/i07_14_1.smc 6
/home/fj/felis/tid2013/features/i02_09_2.smc 6
/home/fj/felis/tid2013/features/i16_14_2.smc 6
/home/fj/felis/tid2013/features/i15_21_5.smc 2
/home/fj/felis/tid2013/features/i02_07_2.smc 6
/home/fj/felis/tid2013/features/i11_16_3.smc 6
/home/fj/felis/tid2013/features/i01_09_2.smc 5
/home/fj/felis/tid2013/features/i09_19_5.smc 3
/home/fj/felis/tid2013/features/i11_19_3.smc 5
/home/fj/felis/tid2013/features/i05_20_4.smc 4
/home/fj/felis/tid2013/features/i14_04_2.smc 6
/home/fj/felis/tid2013/features/i25_07_2.smc 3
/home/fj/felis/tid2013/features/i25_10_5.smc 1
/home/fj/felis/tid2013/features/i11_14_1.smc 6
/home/fj/felis/tid2013/features/i15_14_1.smc 6
/home/fj/felis/tid2013/features/i21_02_1.smc 6
/home/fj/felis/tid2013/features/i19_03_2.smc 4
/home/fj/felis/tid2013/features/i09_21_5.smc 2
/home/fj/felis/tid2013/features/i20_22_4.smc 4
/home/fj/felis/tid2013/features/i04_06_3.smc 4
/home/fj/felis/tid2013/features/i11_07_3.smc 5
/home/fj/felis/tid2013/features/i24_11_4.smc 3
/home/fj/felis/tid2013/features/i13_16_5.smc 4
/home/fj/felis/tid2013/features/i16_21_3.smc 4
/home/fj/felis/tid2013/features/i22_23_2.smc 6
/home/fj/felis/tid2013/features/i24_23_2.smc 6
/home/fj/felis/tid2013/features/i17_07_1.smc 6
/home/fj/felis/tid2013/features/i14_13_4.smc 3
/home/fj/felis/tid2013/features/i06_06_3.smc 4
/home/fj/felis/tid2013/features/i06_16_1.smc 6
/home/fj/felis/tid2013/features/i08_20_2.smc 6
/home/fj/felis/tid2013/features/i11_04_4.smc 5
/home/fj/felis/tid2013/features/i20_07_2.smc 5
/home/fj/felis/tid2013/features/i07_22_3.smc 5
/home/fj/felis/tid2013/features/i13_08_4.smc 3
/home/fj/felis/tid2013/features/i08_11_5.smc 2
/home/fj/felis/tid2013/features/i22_21_3.smc 5
/home/fj/felis/tid2013/features/i20_20_1.smc 6
/home/fj/felis/tid2013/features/i22_14_2.smc 6
/home/fj/felis/tid2013/features/i06_07_5.smc 3
/home/fj/felis/tid2013/features/i01_11_3.smc 5
/home/fj/felis/tid2013/features/i06_04_5.smc 5
/home/fj/felis/tid2013/features/i14_20_4.smc 4
/home/fj/felis/tid2013/features/i04_24_4.smc 2
/home/fj/felis/tid2013/features/i01_07_5.smc 2
/home/fj/felis/tid2013/features/i15_02_4.smc 5
/home/fj/felis/tid2013/features/i01_04_2.smc 6
/home/fj/felis/tid2013/features/i11_07_1.smc 6
/home/fj/felis/tid2013/features/i14_11_2.smc 5
/home/fj/felis/tid2013/features/i03_06_5.smc 4
/home/fj/felis/tid2013/features/i03_24_3.smc 3
/home/fj/felis/tid2013/features/i11_01_4.smc 4
/home/fj/felis/tid2013/features/i25_12_5.smc 5
/home/fj/felis/tid2013/features/i08_19_5.smc 4
/home/fj/felis/tid2013/features/i18_11_5.smc 1
/home/fj/felis/tid2013/features/i15_17_2.smc 7
/home/fj/felis/tid2013/features/i17_04_5.smc 5
/home/fj/felis/tid2013/features/i04_07_4.smc 3
/home/fj/felis/tid2013/features/i11_06_1.smc 5
/home/fj/felis/tid2013/features/i22_09_1.smc 6
/home/fj/felis/tid2013/features/i23_02_3.smc 5
/home/fj/felis/tid2013/features/i06_17_5.smc 3
/home/fj/felis/tid2013/features/i10_21_5.smc 3
/home/fj/felis/tid2013/features/i01_08_5.smc 2
/home/fj/felis/tid2013/features/i12_14_1.smc 6
/home/fj/felis/tid2013/features/i21_21_1.smc 6
/home/fj/felis/tid2013/features/i24_16_4.smc 6
/home/fj/felis/tid2013/features/i13_07_2.smc 5
/home/fj/felis/tid2013/features/i19_17_3.smc 4
/home/fj/felis/tid2013/features/i23_04_2.smc 6
/home/fj/felis/tid2013/features/i15_20_3.smc 5
/home/fj/felis/tid2013/features/i25_15_4.smc 4
/home/fj/felis/tid2013/features/i21_09_1.smc 6
/home/fj/felis/tid2013/features/i11_16_2.smc 6
/home/fj/felis/tid2013/features/i16_20_5.smc 4
/home/fj/felis/tid2013/features/i14_03_1.smc 5
/home/fj/felis/tid2013/features/i14_08_5.smc 2
/home/fj/felis/tid2013/features/i02_10_3.smc 5
/home/fj/felis/tid2013/features/i16_03_5.smc 3
/home/fj/felis/tid2013/features/i17_08_3.smc 5
/home/fj/felis/tid2013/features/i22_07_4.smc 4
/home/fj/felis/tid2013/features/i15_02_2.smc 6
/home/fj/felis/tid2013/features/i13_01_5.smc 4
/home/fj/felis/tid2013/features/i15_04_1.smc 6
/home/fj/felis/tid2013/features/i20_05_5.smc 3
/home/fj/felis/tid2013/features/i15_09_5.smc 3
/home/fj/felis/tid2013/features/i07_10_5.smc 2
/home/fj/felis/tid2013/features/i25_12_4.smc 5
/home/fj/felis/tid2013/features/i12_21_3.smc 4
/home/fj/felis/tid2013/features/i23_06_3.smc 4
/home/fj/felis/tid2013/features/i10_18_5.smc 3
/home/fj/felis/tid2013/features/i06_14_4.smc 4
/home/fj/felis/tid2013/features/i02_09_3.smc 5
/home/fj/felis/tid2013/features/i20_22_5.smc 4
/home/fj/felis/tid2013/features/i15_16_2.smc 6
/home/fj/felis/tid2013/features/i09_14_2.smc 5
/home/fj/felis/tid2013/features/i14_12_2.smc 6
/home/fj/felis/tid2013/features/i23_09_4.smc 4
/home/fj/felis/tid2013/features/i13_17_3.smc 4
/home/fj/felis/tid2013/features/i25_14_4.smc 4
/home/fj/felis/tid2013/features/i13_16_4.smc 4
/home/fj/felis/tid2013/features/i01_06_1.smc 4
/home/fj/felis/tid2013/features/i03_14_1.smc 5
/home/fj/felis/tid2013/features/i09_19_2.smc 5
/home/fj/felis/tid2013/features/i23_10_4.smc 4
/home/fj/felis/tid2013/features/i16_05_2.smc 6
/home/fj/felis/tid2013/features/i02_15_2.smc 4
/home/fj/felis/tid2013/features/i25_18_5.smc 3
/home/fj/felis/tid2013/features/i05_16_3.smc 6
/home/fj/felis/tid2013/features/I21_01_1.smc 6
/home/fj/felis/tid2013/features/i07_13_3.smc 3
/home/fj/felis/tid2013/features/i19_13_2.smc 4
/home/fj/felis/tid2013/features/i03_09_1.smc 7
/home/fj/felis/tid2013/features/i01_04_1.smc 6
/home/fj/felis/tid2013/features/i21_22_5.smc 3
/home/fj/felis/tid2013/features/i10_16_3.smc 6
/home/fj/felis/tid2013/features/i04_17_3.smc 5
/home/fj/felis/tid2013/features/i10_23_3.smc 5
/home/fj/felis/tid2013/features/i17_16_4.smc 5
/home/fj/felis/tid2013/features/i02_10_1.smc 6
/home/fj/felis/tid2013/features/i06_07_1.smc 5
/home/fj/felis/tid2013/features/i14_07_5.smc 3
/home/fj/felis/tid2013/features/i20_16_2.smc 6
/home/fj/felis/tid2013/features/I02_11_1.smc 6
/home/fj/felis/tid2013/features/i10_08_1.smc 6
/home/fj/felis/tid2013/features/i04_05_1.smc 6
/home/fj/felis/tid2013/features/i06_09_2.smc 6
/home/fj/felis/tid2013/features/i14_22_3.smc 5
/home/fj/felis/tid2013/features/i23_10_1.smc 6
/home/fj/felis/tid2013/features/i03_12_5.smc 2
/home/fj/felis/tid2013/features/i21_04_3.smc 5
/home/fj/felis/tid2013/features/i13_23_5.smc 5
/home/fj/felis/tid2013/features/i01_06_1.smc 4
/home/fj/felis/tid2013/features/i05_23_2.smc 6
/home/fj/felis/tid2013/features/i08_10_2.smc 6
/home/fj/felis/tid2013/features/i14_02_4.smc 5
/home/fj/felis/tid2013/features/i23_02_2.smc 6
/home/fj/felis/tid2013/features/i24_16_3.smc 5
/home/fj/felis/tid2013/features/i12_18_1.smc 6
/home/fj/felis/tid2013/features/i06_10_4.smc 3
/home/fj/felis/tid2013/features/i02_24_4.smc 2
/home/fj/felis/tid2013/features/i21_12_5.smc 2
/home/fj/felis/tid2013/features/i17_10_4.smc 3
/home/fj/felis/tid2013/features/i18_03_5.smc 3
/home/fj/felis/tid2013/features/i05_19_4.smc 4
/home/fj/felis/tid2013/features/i17_06_3.smc 4
/home/fj/felis/tid2013/features/i08_20_2.smc 6
/home/fj/felis/tid2013/features/i01_17_3.smc 4
/home/fj/felis/tid2013/features/i06_23_3.smc 6
/home/fj/felis/tid2013/features/i01_22_3.smc 4
/home/fj/felis/tid2013/features/i16_21_2.smc 5
/home/fj/felis/tid2013/features/i25_01_4.smc 4
/home/fj/felis/tid2013/features/I11_11_1.smc 6
/home/fj/felis/tid2013/features/i03_10_5.smc 2
/home/fj/felis/tid2013/features/i13_19_1.smc 5
/home/fj/felis/tid2013/features/i01_06_3.smc 4
/home/fj/felis/tid2013/features/i01_08_4.smc 3
/home/fj/felis/tid2013/features/i22_18_5.smc 3
/home/fj/felis/tid2013/features/i18_24_1.smc 6
/home/fj/felis/tid2013/features/i15_20_2.smc 6
/home/fj/felis/tid2013/features/i23_10_4.smc 4
/home/fj/felis/tid2013/features/i15_04_4.smc 6
/home/fj/felis/tid2013/features/i01_06_2.smc 4
/home/fj/felis/tid2013/features/i05_12_3.smc 5
/home/fj/felis/tid2013/features/i09_05_3.smc 5
/home/fj/felis/tid2013/features/i10_15_4.smc 3
/home/fj/felis/tid2013/features/i19_15_1.smc 3
/home/fj/felis/tid2013/features/i23_10_2.smc 6
/home/fj/felis/tid2013/features/i11_03_5.smc 3
/home/fj/felis/tid2013/features/i17_04_2.smc 6
/home/fj/felis/tid2013/features/i24_07_5.smc 2
/home/fj/felis/tid2013/features/i22_06_1.smc 5
/home/fj/felis/tid2013/features/i21_09_5.smc 2
/home/fj/felis/tid2013/features/i08_16_3.smc 6
/home/fj/felis/tid2013/features/i23_08_3.smc 5
/home/fj/felis/tid2013/features/i11_12_2.smc 6
/home/fj/felis/tid2013/features/i20_16_5.smc 5
/home/fj/felis/tid2013/features/i04_03_5.smc 3
/home/fj/felis/tid2013/features/i24_17_4.smc 7
/home/fj/felis/tid2013/features/i14_08_3.smc 3
/home/fj/felis/tid2013/features/i20_01_2.smc 6
/home/fj/felis/tid2013/features/i22_22_5.smc 3
/home/fj/felis/tid2013/features/i12_17_2.smc 7
/home/fj/felis/tid2013/features/i03_04_3.smc 5
/home/fj/felis/tid2013/features/i12_09_4.smc 3
/home/fj/felis/tid2013/features/i21_15_5.smc 4
/home/fj/felis/tid2013/features/i08_14_2.smc 5
/home/fj/felis/tid2013/features/i07_17_4.smc 7
/home/fj/felis/tid2013/features/i19_10_4.smc 3
/home/fj/felis/tid2013/features/i18_14_3.smc 4
/home/fj/felis/tid2013/features/i14_21_5.smc 3
/home/fj/felis/tid2013/features/i19_06_3.smc 4
/home/fj/felis/tid2013/features/i14_23_1.smc 6
/home/fj/felis/tid2013/features/i04_12_3.smc 4
/home/fj/felis/tid2013/features/i22_23_5.smc 2
/home/fj/felis/tid2013/features/i15_02_1.smc 6
/home/fj/felis/tid2013/features/i16_12_4.smc 3
/home/fj/felis/tid2013/features/i19_21_3.smc 4
/home/fj/felis/tid2013/features/i05_03_3.smc 4
/home/fj/felis/tid2013/features/i09_05_5.smc 4
/home/fj/felis/tid2013/features/I16_13_1.smc 5
/home/fj/felis/tid2013/features/i04_22_4.smc 4
/home/fj/felis/tid2013/features/i23_10_3.smc 5
/home/fj/felis/tid2013/features/i05_01_2.smc 6
/home/fj/felis/tid2013/features/i03_02_2.smc 6
/home/fj/felis/tid2013/features/i19_02_5.smc 4
/home/fj/felis/tid2013/features/i23_18_4.smc 5
/home/fj/felis/tid2013/features/i05_03_1.smc 5
/home/fj/felis/tid2013/features/i19_06_5.smc 3
/home/fj/felis/tid2013/features/i02_17_1.smc 6
/home/fj/felis/tid2013/features/i17_10_4.smc 3
/home/fj/felis/tid2013/features/i25_17_5.smc 3
/home/fj/felis/tid2013/features/i13_13_3.smc 5
/home/fj/felis/tid2013/features/i25_08_4.smc 3
/home/fj/felis/tid2013/features/i12_21_1.smc 5
/home/fj/felis/tid2013/features/i16_06_1.smc 5
/home/fj/felis/tid2013/features/i09_23_5.smc 3
/home/fj/felis/tid2013/features/i02_10_4.smc 4
/home/fj/felis/tid2013/features/i14_13_3.smc 4
/home/fj/felis/tid2013/features/i10_12_2.smc 6
/home/fj/felis/tid2013/features/i14_06_3.smc 4
/home/fj/felis/tid2013/features/i02_21_2.smc 5
/home/fj/felis/tid2013/features/i18_15_5.smc 4
/home/fj/felis/tid2013/features/i02_18_2.smc 6
/home/fj/felis/tid2013/features/i15_21_3.smc 4
/home/fj/felis/tid2013/features/i21_03_5.smc 3
